// Jest Snapshot v1, https://goo.gl/fbAQLP

exports[`screen: BlockDetails/Overview matches snapshot 1`] = `
<div
  className="makeStyles-root"
  id="BoxDetails"
>
  <h2
    className="MuiTypography-root MuiTypography-h2"
  >
    blocks:overview
  </h2>
  <div
    className="makeStyles-item"
  >
    <div
      className="label"
    >
      blocks:hash
    </div>
    hash
  </div>
  <div
    className="makeStyles-details"
  >
    <div
      className="makeStyles-item"
    >
      <div
        className="label"
      >
        blocks:height
      </div>
      <div>
        300
      </div>
    </div>
    <div
      className="makeStyles-item"
    >
      <div
        className="label"
      >
        blocks:time
      </div>
      <div>
        2020-08-10 12:00:00
      </div>
    </div>
    <div
      className="makeStyles-item"
    >
      <div
        className="label"
      >
        blocks:proposer
      </div>
      <div
        address="proposer"
        id="BoxDetailAvatarName"
        imageUrl=""
        name="proposer"
      />
    </div>
    <div
      className="makeStyles-item"
    >
      <div
        className="label"
      >
        blocks:txs
      </div>
      <div>
        0
      </div>
    </div>
  </div>
</div>
`;
