// Jest Snapshot v1, https://goo.gl/fbAQLP

exports[`screen: Home matches snapshot 1`] = `
<div
  className="makeStyles-root"
  id="Layout"
>
  <div
    className="makeStyles-mainInfo"
    id="MainInfo"
  />
  <div
    className="makeStyles-dataBlocks"
    id="DataBlocks"
  />
  <div
    className="makeStyles-hero"
    id="Hero"
  />
  <div
    className="makeStyles-tokenomics"
    id="Tokenomics"
  />
  <div
    className="makeStyles-consensus"
    id="Consensus"
  />
  <div
    className="makeStyles-bottom"
  >
    <div
      className="blocks"
      id="Blocks"
    />
    <div
      className="transactions"
      id="Transactions"
    />
  </div>
</div>
`;
