// Jest Snapshot v1, https://goo.gl/fbAQLP

exports[`component: layout/footer matches snapshot 1`] = `
<div
  className="makeStyles-root"
>
  <div
    className="footer__closing--container"
  >
    <p
      className="MuiTypography-root footer__closing--text MuiTypography-body1"
    >
      common:copyright
       
      2017
    </p>
    <p
      className="MuiTypography-root footer__closing--text MuiTypography-body1"
    >
      common:maintainBy
    </p>
  </div>
</div>
`;
