// Jest Snapshot v1, https://goo.gl/fbAQLP

exports[`screen: Nav/Mobile it renders 1`] = `
<div>
  <div
    className="makeStyles-root"
  >
    <div
      className="makeStyles-screens"
      id="menu"
      toggleNavMenus={[Function]}
    />
    <div
      id="navbar"
      isOpen={false}
      openNetwork={[Function]}
      toggleNavMenus={[Function]}
    />
    <div
      className="makeStyles-searchBar"
      id="searchBar"
    />
  </div>
  <div
    style={
      Object {
        "height": 0,
      }
    }
  />
</div>
`;
